// Jest Snapshot v1, https://goo.gl/fbAQLP

exports[`the component renders correctly should match the snapshot 1`] = `
<div
  className="card"
>
  <h4
    className="card-header"
    data-testid="card-title"
  >
    Test card
  </h4>
  <div
    className="card-body"
  >
    <p
      className="card-text"
      data-testid="card-text"
    >
      This is just a test text.
    </p>
  </div>
  <div
    className="card-footer"
    data-testid="card-footer"
  />
</div>
`;
