// Jest Snapshot v1, https://goo.gl/fbAQLP

exports[`the component renders correctly should match the snapshot 1`] = `
<footer
  className="sc-gsnTZi gyHQAh"
>
  <div
    className="MuiContainer-root MuiContainer-maxWidthLg css-1oqqzyl-MuiContainer-root"
  >
    <div
      className="MuiGrid-root MuiGrid-container css-1e2bu2o-MuiGrid-root"
    >
      <div
        className="MuiGrid-root MuiGrid-item MuiGrid-grid-xs-auto css-1wrgmsj-MuiGrid-root"
      >
        <a
          className="sc-bczRLJ keriIN"
          data-testid="footer-home"
          href="#"
        >
          Home
        </a>
      </div>
      <div
        className="MuiGrid-root MuiGrid-item MuiGrid-grid-xs-auto css-1wrgmsj-MuiGrid-root"
      >
        <a
          className="sc-bczRLJ keriIN"
          data-testid="footer-disclaimer"
          href="#"
        >
          Disclaimer
        </a>
      </div>
      <div
        className="MuiGrid-root MuiGrid-item MuiGrid-grid-xs-auto css-1wrgmsj-MuiGrid-root"
      >
        <a
          className="sc-bczRLJ keriIN"
          data-testid="footer-privacy"
          href="#"
        >
          Privacy
        </a>
      </div>
      <div
        className="MuiGrid-root MuiGrid-item MuiGrid-grid-xs-auto css-1wrgmsj-MuiGrid-root"
      >
        <a
          className="sc-bczRLJ keriIN"
          data-testid="footer-acc"
          href="#"
        >
          Accessibility
        </a>
      </div>
      <div
        className="MuiGrid-root MuiGrid-item MuiGrid-grid-xs-auto css-1wrgmsj-MuiGrid-root"
      >
        <a
          className="sc-bczRLJ keriIN"
          data-testid="footer-copyright"
          href="#"
        >
          Copyright
        </a>
      </div>
      <div
        className="MuiGrid-root MuiGrid-item MuiGrid-grid-xs-auto css-1wrgmsj-MuiGrid-root"
      >
        <a
          className="sc-bczRLJ keriIN"
          data-testid="footer-contact"
          href="#"
        >
          Contact Us
        </a>
      </div>
    </div>
  </div>
</footer>
`;
