// Jest Snapshot v1, https://goo.gl/fbAQLP

exports[`the Header component should match the snapshot 1`] = `
<header
  className="sc-gsnTZi ftQjjz"
>
  <div
    className="MuiContainer-root MuiContainer-maxWidthLg css-1oqqzyl-MuiContainer-root"
  >
    <div
      className="MuiGrid-root MuiGrid-container MuiGrid-spacing-xs-1 css-a5rdam-MuiGrid-root"
    >
      <div
        className="sc-bczRLJ jtcqdn"
      >
        <a
          href="/"
          title="Go to home page"
        >
          <img
            alt="Government of British Columbia logo"
            className="sc-dkzDqf fUaPXL"
            height="45px"
            src="https://developer.gov.bc.ca/static/BCID_H_rgb_rev-20eebe74aef7d92e02732a18b6aa6bbb.svg"
          />
        </a>
        <div
          className="sc-hKMtZM hLTdUm"
          data-testid="header-title"
        >
          NR Sample App
        </div>
      </div>
    </div>
  </div>
</header>
`;
